# Heading1

## Heading2

### Heading3

# Heading1 Text # Heading1

#Heading1

##Heading2

###Heading3
