# Heading1
## Heading1_1
- List1
- List2
# Heading2
## Heading2_1
- List1
	- List1_1
	- List1_2
# Heading3
## Heading3_1
- List1
	- List1_1
		- List1_1_1
