# Heading1
Description1_1 `back quote area` Description1_2
Description2_1 _italic area_ Description2_2
Description3_1 __bold area__ Description3_2
Description4_1 ___italic & bold area___ Description4_2
_italic area_
__bold area__
___italic & bold area___
