# Heading1
***
___
---
[Google](https://www.google.com/)